[lycheesyrup.github.io/MakanSedap/index.html]
[backblue.gif]
[fade.gif]
[index.html]
[cdn.jsdelivr.net/npm/swiper@9/swiper-bundle.min.css]
[cdn.jsdelivr.net/npm/bootstrap@5.3.0-alpha3/dist/css/bootstrap.min.css]
[lycheesyrup.github.io/MakanSedap/css/vendor.css]
[lycheesyrup.github.io/MakanSedap/style.css]
[lycheesyrup.github.io/MakanSedap/index-2.html]
[lycheesyrup.github.io/MakanSedap/images/logo.png]
[lycheesyrup.github.io/MakanSedap/about.html]
[lycheesyrup.github.io/MakanSedap/shop.html]
[lycheesyrup.github.io/MakanSedap/single-product.html]
[lycheesyrup.github.io/MakanSedap/cart.html]
[lycheesyrup.github.io/MakanSedap/checkout.html]
[lycheesyrup.github.io/MakanSedap/blog.html]
[lycheesyrup.github.io/MakanSedap/single-post.html]
[lycheesyrup.github.io/MakanSedap/styles.html]
[lycheesyrup.github.io/MakanSedap/contact.html]
[lycheesyrup.github.io/MakanSedap/thank-you.html]
[lycheesyrup.github.io/MakanSedap/account.html]
[lycheesyrup.github.io/MakanSedap/404.html]
[lycheesyrup.github.io/MakanSedap/images/gift.svg]
[lycheesyrup.github.io/MakanSedap/images/background-pattern.jpg]
[lycheesyrup.github.io/MakanSedap/images/product-thumb-1.png]
[lycheesyrup.github.io/MakanSedap/images/product-thumb-2.png]
[lycheesyrup.github.io/MakanSedap/images/ad-image-1.png]
[lycheesyrup.github.io/MakanSedap/images/ad-image-2.png]
[lycheesyrup.github.io/MakanSedap/category.html]
[lycheesyrup.github.io/MakanSedap/images/icon-vegetables-broccoli.png]
[lycheesyrup.github.io/MakanSedap/images/icon-bread-baguette.png]
[lycheesyrup.github.io/MakanSedap/images/icon-soft-drinks-bottle.png]
[lycheesyrup.github.io/MakanSedap/images/icon-wine-glass-bottle.png]
[lycheesyrup.github.io/MakanSedap/images/icon-animal-products-drumsticks.png]
[lycheesyrup.github.io/MakanSedap/images/icon-bread-herb-flour.png]
[lycheesyrup.github.io/MakanSedap/images/product-thumb-11.jpg]
[lycheesyrup.github.io/MakanSedap/images/product-thumb-12.jpg]
[lycheesyrup.github.io/MakanSedap/images/product-thumb-13.jpg]
[lycheesyrup.github.io/MakanSedap/images/product-thumb-14.jpg]
[lycheesyrup.github.io/MakanSedap/images/thumb-bananas.png]
[lycheesyrup.github.io/MakanSedap/images/thumb-biscuits.png]
[lycheesyrup.github.io/MakanSedap/images/thumb-cucumber.png]
[lycheesyrup.github.io/MakanSedap/images/thumb-milk.png]
[lycheesyrup.github.io/MakanSedap/images/thumb-orange-juice.png]
[lycheesyrup.github.io/MakanSedap/images/thumb-raspberries.png]
[lycheesyrup.github.io/MakanSedap/images/thumb-tomatoes.png]
[lycheesyrup.github.io/MakanSedap/images/thumb-tomatoketchup.png]
[lycheesyrup.github.io/MakanSedap/images/ad-image-3.png]
[lycheesyrup.github.io/MakanSedap/images/ad-image-4.png]
[lycheesyrup.github.io/MakanSedap/images/bg-leaves-img-pattern.png]
[lycheesyrup.github.io/MakanSedap/images/post-thumb-1.jpg]
[lycheesyrup.github.io/MakanSedap/images/post-thumb-2.jpg]
[lycheesyrup.github.io/MakanSedap/images/post-thumb-3.jpg]
[lycheesyrup.github.io/MakanSedap/images/bg-pattern-2.png]
[lycheesyrup.github.io/MakanSedap/images/phone.png]
[lycheesyrup.github.io/MakanSedap/images/app-store.jpg]
[lycheesyrup.github.io/MakanSedap/images/google-play.jpg]
[lycheesyrup.github.io/MakanSedap/js/jquery-1.11.0.min.js]
[cdn.jsdelivr.net/npm/swiper@9/swiper-bundle.min.js]
[cdn.jsdelivr.net/npm/bootstrap@5.3.0-alpha3/dist/js/bootstrap.bundle.min.js]
[lycheesyrup.github.io/MakanSedap/js/plugins.js]
[lycheesyrup.github.io/MakanSedap/js/script.js]
[lycheesyrup.github.io/MakanSedap/index.html]
[cdn.jsdelivr.net/npm/swiper@9/swiper-bundle.min.css]
[cdn.jsdelivr.net/npm/bootstrap@5.3.0-alpha3/dist/css/bootstrap.min.css]
[lycheesyrup.github.io/MakanSedap/images/chocolat/loader.gif]
[lycheesyrup.github.io/MakanSedap/images/chocolat/left.png]
[lycheesyrup.github.io/MakanSedap/images/chocolat/right.png]
[lycheesyrup.github.io/MakanSedap/images/chocolat/close.png]
[lycheesyrup.github.io/MakanSedap/images/chocolat/fullscreen.png]
[lycheesyrup.github.io/MakanSedap/css/vendor.css]
[lycheesyrup.github.io/MakanSedap/style.css]
[lycheesyrup.github.io/MakanSedap/index-2.html]
[lycheesyrup.github.io/MakanSedap/about.html]
[lycheesyrup.github.io/MakanSedap/shop.html]
[lycheesyrup.github.io/MakanSedap/single-product.html]
[lycheesyrup.github.io/MakanSedap/cart.html]
[lycheesyrup.github.io/MakanSedap/checkout.html]
[lycheesyrup.github.io/MakanSedap/blog.html]
[lycheesyrup.github.io/MakanSedap/single-post.html]
[lycheesyrup.github.io/MakanSedap/styles.html]
[lycheesyrup.github.io/MakanSedap/contact.html]
[lycheesyrup.github.io/MakanSedap/thank-you.html]
[lycheesyrup.github.io/MakanSedap/account.html]
[lycheesyrup.github.io/MakanSedap/404.html]
[lycheesyrup.github.io/MakanSedap/images/gift.svg]
[lycheesyrup.github.io/MakanSedap/category.html]
